exports[`test renders regular button 1`] = `
<View
  accessibilityComponentType={undefined}
  accessibilityLabel={undefined}
  accessibilityTraits={undefined}
  accessible={true}
  hitSlop={undefined}
  onLayout={undefined}
  onResponderGrant={[Function]}
  onResponderMove={[Function]}
  onResponderRelease={[Function]}
  onResponderTerminate={[Function]}
  onResponderTerminationRequest={[Function]}
  onStartShouldSetResponder={[Function]}
  style={
    Object {
      "alignItems": "center",
      "alignSelf": "flex-start",
      "backgroundColor": "#5067FF",
      "borderColor": "#5067FF",
      "borderRadius": 5,
      "borderWidth": 0,
      "elevation": 2,
      "flexDirection": "row",
      "height": 38,
      "justifyContent": "space-around",
      "opacity": 1,
      "paddingHorizontal": 8,
      "paddingVertical": 6,
      "shadowColor": "#000",
      "shadowOffset": Object {
        "height": 2,
        "width": 0,
      },
      "shadowOpacity": 0.2,
      "shadowRadius": 2,
    }
  }
  testID={undefined}>
  <Text
    accessible={true}
    allowFontScaling={true}
    ellipsizeMode="tail"
    style={
      Object {
        "backgroundColor": "transparent",
        "color": "#fff",
        "fontFamily": "HelveticaNeue",
        "fontSize": 16.5,
        "lineHeight": 19,
        "marginLeft": 0,
        "marginRight": 0,
      }
    }>
    Test
  </Text>
</View>
`;
