// Jest Snapshot v1, https://goo.gl/fbAQLP

exports[`renders ActionSheet 1`] = `
<View
  accessible={true}
  isTVSelectable={true}
  onResponderGrant={[Function]}
  onResponderMove={[Function]}
  onResponderRelease={[Function]}
  onResponderTerminate={[Function]}
  onResponderTerminationRequest={[Function]}
  onStartShouldSetResponder={[Function]}
  style={
    Object {
      "borderRadius": 2,
      "opacity": 1,
    }
  }
>
  <Text
    style={Object {}}
    uppercase={false}
  >
    Actionsheet
  </Text>
</View>
`;
