// Jest Snapshot v1, https://goo.gl/fbAQLP

exports[`renders Segments inside Header 1`] = `
<View
  style={Object {}}
>
  <View
    onLayout={[Function]}
  >
    <View
      hasSegment={true}
      style={Object {}}
    >
      <View
        style={Object {}}
      >
        <View
          style={
            Array [
              Object {
                "alignItems": "center",
                "backgroundColor": "#ffbcbc",
                "borderColor": "red",
                "borderWidth": 1,
                "height": 100,
                "justifyContent": "center",
                "margin": 10,
                "width": 300,
              },
              Object {
                "borderRadius": 2,
              },
            ]
          }
        >
          <Text
            style={
              Object {
                "color": "#333333",
                "margin": 20,
              }
            }
          >
            TouchableNativeFeedback is not supported on this platform!
          </Text>
        </View>
      </View>
      <View
        style={Object {}}
      >
        <View
          style={Object {}}
        >
          <View
            style={
              Array [
                Object {
                  "alignItems": "center",
                  "backgroundColor": "#ffbcbc",
                  "borderColor": "red",
                  "borderWidth": 1,
                  "height": 100,
                  "justifyContent": "center",
                  "margin": 10,
                  "width": 300,
                },
                Object {
                  "borderRadius": 2,
                },
              ]
            }
          >
            <Text
              style={
                Object {
                  "color": "#333333",
                  "margin": 20,
                }
              }
            >
              TouchableNativeFeedback is not supported on this platform!
            </Text>
          </View>
          <View
            style={
              Array [
                Object {
                  "alignItems": "center",
                  "backgroundColor": "#ffbcbc",
                  "borderColor": "red",
                  "borderWidth": 1,
                  "height": 100,
                  "justifyContent": "center",
                  "margin": 10,
                  "width": 300,
                },
                Object {
                  "borderRadius": 2,
                },
              ]
            }
          >
            <Text
              style={
                Object {
                  "color": "#333333",
                  "margin": 20,
                }
              }
            >
              TouchableNativeFeedback is not supported on this platform!
            </Text>
          </View>
        </View>
      </View>
      <View
        style={Object {}}
      >
        <View
          style={
            Array [
              Object {
                "alignItems": "center",
                "backgroundColor": "#ffbcbc",
                "borderColor": "red",
                "borderWidth": 1,
                "height": 100,
                "justifyContent": "center",
                "margin": 10,
                "width": 300,
              },
              Object {
                "borderRadius": 2,
              },
            ]
          }
        >
          <Text
            style={
              Object {
                "color": "#333333",
                "margin": 20,
              }
            }
          >
            TouchableNativeFeedback is not supported on this platform!
          </Text>
        </View>
      </View>
    </View>
  </View>
</View>
`;

exports[`renders Segments outside Header 1`] = `
<View
  style={Object {}}
>
  <View
    onLayout={[Function]}
  >
    <View
      hasSegment={true}
      style={Object {}}
    />
  </View>
  <View
    style={Object {}}
  >
    <View
      style={
        Array [
          Object {
            "alignItems": "center",
            "backgroundColor": "#ffbcbc",
            "borderColor": "red",
            "borderWidth": 1,
            "height": 100,
            "justifyContent": "center",
            "margin": 10,
            "width": 300,
          },
          Object {
            "borderRadius": 2,
          },
        ]
      }
    >
      <Text
        style={
          Object {
            "color": "#333333",
            "margin": 20,
          }
        }
      >
        TouchableNativeFeedback is not supported on this platform!
      </Text>
    </View>
    <View
      style={
        Array [
          Object {
            "alignItems": "center",
            "backgroundColor": "#ffbcbc",
            "borderColor": "red",
            "borderWidth": 1,
            "height": 100,
            "justifyContent": "center",
            "margin": 10,
            "width": 300,
          },
          Object {
            "borderRadius": 2,
          },
        ]
      }
    >
      <Text
        style={
          Object {
            "color": "#333333",
            "margin": 20,
          }
        }
      >
        TouchableNativeFeedback is not supported on this platform!
      </Text>
    </View>
    <View
      style={
        Array [
          Object {
            "alignItems": "center",
            "backgroundColor": "#ffbcbc",
            "borderColor": "red",
            "borderWidth": 1,
            "height": 100,
            "justifyContent": "center",
            "margin": 10,
            "width": 300,
          },
          Object {
            "borderRadius": 2,
          },
        ]
      }
    >
      <Text
        style={
          Object {
            "color": "#333333",
            "margin": 20,
          }
        }
      >
        TouchableNativeFeedback is not supported on this platform!
      </Text>
    </View>
  </View>
</View>
`;
